../Core/Src/main.c:69:6:HAL_UART_RxCpltCallback	16	static
../Core/Src/main.c:86:6:delay	16	static
../Core/Src/main.c:93:6:HAL_TIM_IC_CaptureCallback	16	static
../Core/Src/main.c:132:6:HCSR04_Read	8	static
../Core/Src/main.c:146:5:main	48	static
../Core/Src/main.c:222:6:SystemClock_Config	88	static
../Core/Src/main.c:267:13:MX_TIM1_Init	32	static
../Core/Src/main.c:316:13:MX_USART1_UART_Init	8	static
../Core/Src/main.c:349:13:MX_USART2_UART_Init	8	static
../Core/Src/main.c:382:13:MX_GPIO_Init	48	static
../Core/Src/main.c:421:6:StartDefaultTask	16	static
../Core/Src/main.c:437:6:Error_Handler	4	static,ignoring_inline_asm
